python : 2026-03-13 22:39:45.730967: I tensorflow/core/util/port.cc:153] oneDNN custom 
operations are on. You may see slightly different numerical results due to floating-point 
round-off errors from different computation orders. To turn them off, set the environment 
variable `TF_ENABLE_ONEDNN_OPTS=0`.
At line:1 char:1
+ python test_decoder_extraction.py 2>&1 > test_output.txt ; Get-Conten ...
+ ~~~~~~~~~~~~~~~~~~~~~~~~~~~~~~~~~~~~~~~~~~~~~~~~~~~~~~~~
    + CategoryInfo          : NotSpecified: (2026-03-13 22:3...ONEDNN_OPTS=0`.:String) [],  
   RemoteException
    + FullyQualifiedErrorId : NativeCommandError
 
2026-03-13 22:39:49.008108: I tensorflow/core/util/port.cc:153] oneDNN custom operations 
are on. You may see slightly different numerical results due to floating-point round-off 
errors from different computation orders. To turn them off, set the environment variable 
`TF_ENABLE_ONEDNN_OPTS=0`.

===========================================================================
WATERMARK EXTRACTION TEST (Decoder Only - No OCR)
===========================================================================

2026-03-13 22:39:51.808574: I tensorflow/core/platform/cpu_feature_guard.cc:210] This 
TensorFlow binary is optimized to use available CPU instructions in performance-critical 
operations.
To enable the following instructions: SSE3 SSE4.1 SSE4.2 AVX AVX2 AVX_VNNI FMA, in other 
operations, rebuild TensorFlow with the appropriate compiler flags.
WARNING:absl:No training configuration found in the save file, so the model was *not* 
compiled. Compile it manually.
[STEP 1] Loading decoder model... [OK]

---------------------------------------------------------------------------
TEST: Student 8 | Expected Roll: 2310080008
PDF: watermarked_papers/QP_2310080008.pdf
---------------------------------------------------------------------------
[STEP 2] Extracting image from PDF... [OK]
[STEP 3] Decoding watermarks from patches... [OK] 252/252 patches decoded
[STEP 4] Analyzing watermark patterns... [OK] 252 watermarks available

[ANALYSIS] Top 5 watermark patterns:
Rank   Confidence      Pattern Info         Pixels (R,G,B)      
----------------------------------------------------------------------
1           1.0      Mean:  253 Text:  253  (253,254,253)       
2           1.0      Mean:  253 Text:  253  (253,254,253)       
3           1.0      Mean:  253 Text:  253  (253,254,253)       
4           1.0      Mean:  253 Text:  253  (253,254,253)       
5           1.0      Mean:  253 Text:  253  (253,254,253)       

[STEP 5] Extracting roll information from watermark...

[WATERMARK PATTERN ANALYSIS]
  Text Region Brightness: 254.0
  Text Region Range: 254 - 254
  Text Region Std Dev: 0.0

[PATTERN FINGERPRINT]
  text_brightness: 254.00
  text_range: 0.00
  text_std: 0.00
  overall_mean: 253.43
  overall_std: 0.52

[DECODED WATERMARK INFO]
  Unique fingerprint extracted: YES
  Can match against stored patterns: YES
  Bright pixels in text: 0
  Expected Roll: 2310080008

[SUCCESS] Watermark successfully extracted and analyzed!
          Can identify student via pattern matching.

===========================================================================


---------------------------------------------------------------------------
TEST: Student 75 | Expected Roll: 2310080075
PDF: watermarked_papers/QP_2310080075.pdf
---------------------------------------------------------------------------
[STEP 2] Extracting image from PDF... [OK]
[STEP 3] Decoding watermarks from patches... [OK] 252/252 patches decoded
[STEP 4] Analyzing watermark patterns... [OK] 252 watermarks available

[ANALYSIS] Top 5 watermark patterns:
Rank   Confidence      Pattern Info         Pixels (R,G,B)      
----------------------------------------------------------------------
1           1.0      Mean:  253 Text:  253  (253,254,253)       
2           1.0      Mean:  253 Text:  253  (253,254,253)       
3           1.0      Mean:  253 Text:  253  (253,254,253)       
4           1.0      Mean:  253 Text:  253  (253,254,253)       
5           1.0      Mean:  253 Text:  253  (253,254,253)       

[STEP 5] Extracting roll information from watermark...

[WATERMARK PATTERN ANALYSIS]
  Text Region Brightness: 254.0
  Text Region Range: 254 - 254
  Text Region Std Dev: 0.0

[PATTERN FINGERPRINT]
  text_brightness: 254.00
  text_range: 0.00
  text_std: 0.00
  overall_mean: 253.41
  overall_std: 0.53

[DECODED WATERMARK INFO]
  Unique fingerprint extracted: YES
  Can match against stored patterns: YES
  Bright pixels in text: 0
  Expected Roll: 2310080075

[SUCCESS] Watermark successfully extracted and analyzed!
          Can identify student via pattern matching.

===========================================================================

Test Complete!

NOTE: To fully extract the roll number:
1. Build a database of all 88 watermark patterns using proper_identify.py build
2. Use pattern matching to compare decoded watermarks against the database
3. This gives genuine, decoder-based student identification
